============================= test session starts =============================
platform win32 -- Python 3.12.4, pytest-7.4.4, pluggy-1.0.0
rootdir: D:\myproject\Guided-Translator\backend
plugins: anyio-4.2.0
collected 8 items

test_skeleton.py E.......                                                [100%]

=================================== ERRORS ====================================
___________________________ ERROR at setup of test ____________________________
file D:\myproject\Guided-Translator\backend\test_skeleton.py, line 43
  def test(name: str, condition: bool, detail: str = ""):
E       fixture 'name' not found
>       available fixtures: anyio_backend, anyio_backend_name, anyio_backend_options, cache, capfd, capfdbinary, caplog, capsys, capsysbinary, doctest_namespace, monkeypatch, pytestconfig, record_property, record_testsuite_property, record_xml_attribute, recwarn, tmp_path, tmp_path_factory, tmpdir, tmpdir_factory
>       use 'pytest --fixtures [testpath]' for help on them.

D:\myproject\Guided-Translator\backend\test_skeleton.py:43
============================== warnings summary ===============================
test_skeleton.py::test_table_roundtrip
  C:\Users\YongSeng\Anaconda3\Lib\site-packages\_pytest\python.py:198: PytestReturnNotNoneWarning: Expected None, but test_skeleton.py::test_table_roundtrip returned True, which will be an error in a future version of pytest.  Did you mean to use `assert` instead of `return`?
    warnings.warn(

test_skeleton.py::test_latex_formula_preservation
  C:\Users\YongSeng\Anaconda3\Lib\site-packages\_pytest\python.py:198: PytestReturnNotNoneWarning: Expected None, but test_skeleton.py::test_latex_formula_preservation returned True, which will be an error in a future version of pytest.  Did you mean to use `assert` instead of `return`?
    warnings.warn(

test_skeleton.py::test_blockquote_with_bold
  C:\Users\YongSeng\Anaconda3\Lib\site-packages\_pytest\python.py:198: PytestReturnNotNoneWarning: Expected None, but test_skeleton.py::test_blockquote_with_bold returned True, which will be an error in a future version of pytest.  Did you mean to use `assert` instead of `return`?
    warnings.warn(

test_skeleton.py::test_nested_list
  C:\Users\YongSeng\Anaconda3\Lib\site-packages\_pytest\python.py:198: PytestReturnNotNoneWarning: Expected None, but test_skeleton.py::test_nested_list returned True, which will be an error in a future version of pytest.  Did you mean to use `assert` instead of `return`?
    warnings.warn(

test_skeleton.py::test_unapproved_nodes_fallback
  C:\Users\YongSeng\Anaconda3\Lib\site-packages\_pytest\python.py:198: PytestReturnNotNoneWarning: Expected None, but test_skeleton.py::test_unapproved_nodes_fallback returned True, which will be an error in a future version of pytest.  Did you mean to use `assert` instead of `return`?
    warnings.warn(

test_skeleton.py::test_empty_and_separators_not_tagged
  C:\Users\YongSeng\Anaconda3\Lib\site-packages\_pytest\python.py:198: PytestReturnNotNoneWarning: Expected None, but test_skeleton.py::test_empty_and_separators_not_tagged returned True, which will be an error in a future version of pytest.  Did you mean to use `assert` instead of `return`?
    warnings.warn(

test_skeleton.py::test_header_prefix_preserved
  C:\Users\YongSeng\Anaconda3\Lib\site-packages\_pytest\python.py:198: PytestReturnNotNoneWarning: Expected None, but test_skeleton.py::test_header_prefix_preserved returned True, which will be an error in a future version of pytest.  Did you mean to use `assert` instead of `return`?
    warnings.warn(

-- Docs: https://docs.pytest.org/en/stable/how-to/capture-warnings.html
=========================== short test summary info ===========================
ERROR test_skeleton.py::test
=================== 7 passed, 7 warnings, 1 error in 0.22s ====================
